../FreeRTOS-Kernel/tasks.c:1647:20:prvCreateTask	56	static
../FreeRTOS-Kernel/tasks.c:1745:16:xTaskCreate	48	static
../FreeRTOS-Kernel/tasks.c:1820:13:prvInitialiseNewTask	32	static
../FreeRTOS-Kernel/tasks.c:2056:17:prvAddNewTaskToReadyList	24	static
../FreeRTOS-Kernel/tasks.c:2228:10:vTaskDelete	32	static
../FreeRTOS-Kernel/tasks.c:2381:16:xTaskDelayUntil	32	static
../FreeRTOS-Kernel/tasks.c:2473:10:vTaskDelay	24	static
../FreeRTOS-Kernel/tasks.c:2655:17:uxTaskPriorityGet	24	static
../FreeRTOS-Kernel/tasks.c:2683:17:uxTaskPriorityGetFromISR	32	static
../FreeRTOS-Kernel/tasks.c:2733:17:uxTaskBasePriorityGet	24	static
../FreeRTOS-Kernel/tasks.c:2761:17:uxTaskBasePriorityGetFromISR	32	static
../FreeRTOS-Kernel/tasks.c:2811:10:vTaskPrioritySet	40	static
../FreeRTOS-Kernel/tasks.c:3164:10:vTaskSuspend	32	static
../FreeRTOS-Kernel/tasks.c:3327:23:prvTaskIsTaskSuspended	32	static
../FreeRTOS-Kernel/tasks.c:3397:10:vTaskResume	24	static
../FreeRTOS-Kernel/tasks.c:3458:16:xTaskResumeFromISR	32	static
../FreeRTOS-Kernel/tasks.c:3555:19:prvCreateIdleTasks	48	static
../FreeRTOS-Kernel/tasks.c:3709:6:vTaskStartScheduler	16	static,ignoring_inline_asm
../FreeRTOS-Kernel/tasks.c:3814:6:vTaskEndScheduler	16	static,ignoring_inline_asm
../FreeRTOS-Kernel/tasks.c:3857:6:vTaskSuspendAll	8	static,ignoring_inline_asm
../FreeRTOS-Kernel/tasks.c:4031:12:xTaskResumeAll	40	static,ignoring_inline_asm
../FreeRTOS-Kernel/tasks.c:4180:12:xTaskGetTickCount	16	static
../FreeRTOS-Kernel/tasks.c:4199:12:xTaskGetTickCountFromISR	16	static
../FreeRTOS-Kernel/tasks.c:4234:13:uxTaskGetNumberOfTasks	8	static
../FreeRTOS-Kernel/tasks.c:4246:8:pcTaskGetName	24	static
../FreeRTOS-Kernel/tasks.c:4621:12:xTaskCatchUpTicks	24	static
../FreeRTOS-Kernel/tasks.c:4745:12:xTaskIncrementTick	40	static
../FreeRTOS-Kernel/tasks.c:5129:10:vTaskSwitchContext	16	static
../FreeRTOS-Kernel/tasks.c:5316:6:vTaskPlaceOnEventList	16	static
../FreeRTOS-Kernel/tasks.c:5345:6:vTaskPlaceOnUnorderedEventList	32	static
../FreeRTOS-Kernel/tasks.c:5414:12:xTaskRemoveFromEventList	40	static
../FreeRTOS-Kernel/tasks.c:5507:6:vTaskRemoveFromUnorderedEventList	32	static
../FreeRTOS-Kernel/tasks.c:5579:6:vTaskSetTimeOutState	16	static
../FreeRTOS-Kernel/tasks.c:5595:6:vTaskInternalSetTimeOutState	16	static
../FreeRTOS-Kernel/tasks.c:5607:12:xTaskCheckForTimeOut	32	static
../FreeRTOS-Kernel/tasks.c:5676:6:vTaskMissedYield	8	static
../FreeRTOS-Kernel/tasks.c:5822:8:prvIdleTask	16	static
../FreeRTOS-Kernel/tasks.c:6089:13:prvInitialiseTaskLists	16	static
../FreeRTOS-Kernel/tasks.c:6121:13:prvCheckTasksWaitingTermination	16	static
../FreeRTOS-Kernel/tasks.c:6484:17:prvDeleteTCB	16	static
../FreeRTOS-Kernel/tasks.c:6537:13:prvResetNextTaskUnblockTime	8	static
../FreeRTOS-Kernel/tasks.c:6561:22:xTaskGetCurrentTaskHandle	16	static
../FreeRTOS-Kernel/tasks.c:6596:18:xTaskGetCurrentTaskHandleForCore	24	static
../FreeRTOS-Kernel/tasks.c:6661:16:xTaskPriorityInherit	32	static
../FreeRTOS-Kernel/tasks.c:6764:16:xTaskPriorityDisinherit	32	static
../FreeRTOS-Kernel/tasks.c:6858:10:vTaskPriorityDisinheritAfterTimeout	40	static
../FreeRTOS-Kernel/tasks.c:7668:12:uxTaskResetEventItemValue	16	static
../FreeRTOS-Kernel/tasks.c:7688:18:pvTaskIncrementMutexHeldCount	16	static
../FreeRTOS-Kernel/tasks.c:7713:14:ulTaskGenericNotifyTake	40	static
../FreeRTOS-Kernel/tasks.c:7815:16:xTaskGenericNotifyWait	40	static
../FreeRTOS-Kernel/tasks.c:7929:16:xTaskGenericNotify	48	static
../FreeRTOS-Kernel/tasks.c:8049:16:xTaskGenericNotifyFromISR	56	static
../FreeRTOS-Kernel/tasks.c:8231:10:vTaskGenericNotifyGiveFromISR	56	static
../FreeRTOS-Kernel/tasks.c:8363:16:xTaskGenericNotifyStateClear	24	static
../FreeRTOS-Kernel/tasks.c:8402:14:ulTaskGenericNotifyValueClear	32	static
../FreeRTOS-Kernel/tasks.c:8601:13:prvAddCurrentTaskToDelayedList	40	static
../FreeRTOS-Kernel/tasks.c:8832:6:vTaskResetState	16	static
