../FreeRTOS-Kernel/portable/GCC/ARM_CM0/port.c:616:32:vPortSetupTimerInterrupt	8	static
../FreeRTOS-Kernel/portable/GCC/ARM_CM0/port.c:645:13:prvTaskExitError	16	static,ignoring_inline_asm
../FreeRTOS-Kernel/portable/GCC/ARM_CM0/port.c:777:6:vPortYield	8	static,ignoring_inline_asm
../FreeRTOS-Kernel/portable/GCC/ARM_CM0/port.c:790:6:vPortEnterCritical	8	static,ignoring_inline_asm
../FreeRTOS-Kernel/portable/GCC/ARM_CM0/port.c:803:6:vPortExitCritical	8	static,ignoring_inline_asm
../FreeRTOS-Kernel/portable/GCC/ARM_CM0/port.c:816:6:SysTick_Handler	16	static
../FreeRTOS-Kernel/portable/GCC/ARM_CM0/port.c:842:6:vPortSVCHandler_C	24	static
../FreeRTOS-Kernel/portable/GCC/ARM_CM0/port.c:1208:19:pxPortInitialiseStack	24	static
../FreeRTOS-Kernel/portable/GCC/ARM_CM0/port.c:1273:12:xPortStartScheduler	16	static
../FreeRTOS-Kernel/portable/GCC/ARM_CM0/port.c:1353:6:vPortEndScheduler	8	static
../FreeRTOS-Kernel/portable/GCC/ARM_CM0/port.c:1553:12:xPortIsInsideInterrupt	16	static,ignoring_inline_asm
